\BOOKMARK [0][]{section*.2}{\376\377\000I\000n\000t\000r\000o\000d\000u\000c\000t\000i\000o\000n\000\040\000g\000\351\000n\000\351\000r\000a\000l\000e}{}% 1
\BOOKMARK [0][]{chapter.1}{\376\377\0001\000\040\000P\000r\000\351\000s\000e\000n\000t\000a\000t\000i\000o\000n\000s\000\040\000g\000\351\000n\000\351\000r\000a\000l\000e\000s}{}% 2
\BOOKMARK [1][]{section*.3}{\376\377\000I\000n\000t\000r\000o\000d\000u\000c\000t\000i\000o\000n}{chapter.1}% 3
\BOOKMARK [1][]{section.1.1}{\376\377\000I\000\040\000P\000r\000\351\000s\000e\000n\000t\000a\000t\000i\000o\000n\000\040\000d\000e\000\040\000l\000a\000\040\000s\000t\000r\000u\000c\000t\000u\000r\000e\000\040\000d\000'\000a\000c\000c\000u\000e\000i\000l}{chapter.1}% 4
\BOOKMARK [2][]{subsection.1.1.1}{\376\377\000I\000.\0001\000\040\000P\000r\000\351\000s\000e\000n\000t\000a\000t\000i\000o\000n\000\040\000d\000e\000\040\000I\000n\000n\000o\000v\0004\000A\000f\000r\000i\000c\000a}{section.1.1}% 5
\BOOKMARK [2][]{subsection.1.1.2}{\376\377\000I\000.\0002\000\040\000D\000o\000m\000a\000i\000n\000e\000s\000\040\000d\000'\000a\000c\000t\000i\000v\000i\000t\000\351\000s}{section.1.1}% 6
\BOOKMARK [1][]{section.1.2}{\376\377\000I\000I\000\040\000P\000r\000\351\000s\000e\000n\000t\000a\000t\000i\000o\000n\000\040\000d\000u\000\040\000s\000u\000j\000e\000t}{chapter.1}% 7
\BOOKMARK [2][]{subsection.1.2.1}{\376\377\000I\000I\000.\0001\000\040\000C\000o\000n\000t\000e\000x\000t\000e}{section.1.2}% 8
\BOOKMARK [2][]{subsection.1.2.2}{\376\377\000I\000I\000.\0002\000\040\000P\000r\000o\000b\000l\000\351\000m\000a\000t\000i\000q\000u\000e}{section.1.2}% 9
\BOOKMARK [2][]{subsection.1.2.3}{\376\377\000I\000I\000.\0003\000\040\000O\000b\000j\000e\000c\000t\000i\000f\000s}{section.1.2}% 10
\BOOKMARK [1][]{section.1.3}{\376\377\000I\000I\000I\000\040\000D\000\351\000m\000a\000r\000c\000h\000e\000\040\000m\000\351\000t\000h\000o\000d\000o\000l\000o\000g\000i\000q\000u\000e}{chapter.1}% 11
\BOOKMARK [2][]{subsection.1.3.1}{\376\377\000I\000I\000I\000.\0001\000\040\000C\000a\000r\000a\000c\000t\000\351\000r\000i\000s\000t\000i\000q\000u\000e\000s\000\040\000d\000u\000\040\000p\000r\000o\000j\000e\000t}{section.1.3}% 12
\BOOKMARK [2][]{subsection.1.3.2}{\376\377\000I\000I\000I\000.\0002\000\040\000M\000\351\000t\000h\000o\000d\000o\000l\000o\000g\000i\000e\000\040\000d\000e\000\040\000t\000r\000a\000v\000a\000i\000l}{section.1.3}% 13
\BOOKMARK [1][]{subsection.1.3.2}{\376\377\000C\000o\000n\000c\000l\000u\000s\000i\000o\000n}{chapter.1}% 14
\BOOKMARK [0][]{chapter.2}{\376\377\0002\000\040\000A\000n\000a\000l\000y\000s\000e\000\040\000f\000o\000n\000c\000t\000i\000o\000n\000n\000e\000l\000l\000e\000\040\000e\000t\000\040\000n\000o\000n\000\040\000f\000o\000n\000c\000t\000i\000o\000n\000n\000e\000l\000l\000e\000\040\000d\000e\000s\000\040\000b\000e\000s\000o\000i\000n\000s}{}% 15
\BOOKMARK [1][]{section*.4}{\376\377\000I\000n\000t\000r\000o\000d\000u\000c\000t\000i\000o\000n}{chapter.2}% 16
\BOOKMARK [1][]{section.2.1}{\376\377\000I\000\040\000R\000\364\000l\000e\000\040\000d\000u\000\040\000s\000y\000s\000t\000\350\000m\000e\000\040\000e\000t\000\040\000a\000c\000t\000e\000u\000r\000s}{chapter.2}% 17
\BOOKMARK [1][]{section.2.2}{\376\377\000I\000I\000\040\000F\000o\000n\000c\000t\000i\000o\000n\000n\000a\000l\000i\000t\000\351\000s\000\040\000d\000u\000\040\000s\000y\000s\000t\000\350\000m\000e}{chapter.2}% 18
\BOOKMARK [2][]{subsection.2.2.1}{\376\377\000I\000I\000.\0001\000\040\000M\000o\000d\000u\000l\000e\000\040\000R\000e\000l\000a\000t\000i\000o\000n\000\040\000C\000l\000i\000e\000n\000t}{section.2.2}% 19
\BOOKMARK [2][]{subsection.2.2.2}{\376\377\000I\000I\000.\0002\000\040\000M\000o\000d\000u\000l\000e\000\040\000S\000G\000I}{section.2.2}% 20
\BOOKMARK [1][]{section.2.3}{\376\377\000I\000I\000I\000\040\000E\000x\000i\000g\000e\000n\000c\000e\000s\000\040\000n\000o\000n\000\040\000f\000o\000n\000c\000t\000i\000o\000n\000n\000e\000l\000l\000e\000s}{chapter.2}% 21
\BOOKMARK [1][]{paragraph*.16}{\376\377\000C\000o\000n\000c\000l\000u\000s\000i\000o\000n}{chapter.2}% 22
\BOOKMARK [0][]{chapter.3}{\376\377\0003\000\040\000C\000o\000n\000c\000e\000p\000t\000i\000o\000n\000\040\000d\000e\000\040\000l\000a\000\040\000s\000o\000l\000u\000t\000i\000o\000n}{}% 23
\BOOKMARK [1][]{section*.17}{\376\377\000I\000n\000t\000r\000o\000d\000u\000c\000t\000i\000o\000n}{chapter.3}% 24
\BOOKMARK [1][]{section.3.1}{\376\377\000I\000\040\000P\000r\000i\000n\000c\000i\000p\000e\000s\000\040\000d\000e\000\040\000c\000o\000n\000c\000e\000p\000t\000i\000o\000n\000\040\000d\000e\000\040\000l\000'\000a\000r\000c\000h\000i\000t\000e\000c\000t\000u\000r\000e}{chapter.3}% 25
\BOOKMARK [1][]{section.3.2}{\376\377\000I\000I\000\040\000A\000r\000c\000h\000i\000t\000e\000c\000t\000u\000r\000e\000\040\000l\000o\000g\000i\000q\000u\000e\000\040\000d\000e\000\040\000l\000a\000\040\000s\000o\000l\000u\000t\000i\000o\000n}{chapter.3}% 26
\BOOKMARK [2][]{subsection.3.2.1}{\376\377\000I\000I\000.\0001\000\040\000V\000u\000e\000\040\000d\000'\000e\000n\000s\000e\000m\000b\000l\000e}{section.3.2}% 27
\BOOKMARK [2][]{subsection.3.2.2}{\376\377\000I\000I\000.\0002\000\040\000D\000e\000s\000c\000r\000i\000p\000t\000i\000o\000n\000\040\000d\000e\000s\000\040\000c\000o\000u\000c\000h\000e\000s\000\040\000e\000t\000\040\000d\000e\000s\000\040\000b\000l\000o\000c\000s}{section.3.2}% 28
\BOOKMARK [1][]{section.3.3}{\376\377\000I\000I\000I\000\040\000C\000h\000o\000i\000x\000\040\000d\000e\000s\000\040\000o\000u\000t\000i\000l\000s\000\040\000e\000t\000\040\000t\000e\000c\000h\000n\000o\000l\000o\000g\000i\000e\000s}{chapter.3}% 29
\BOOKMARK [1][]{section.3.4}{\376\377\000I\000V\000\040\000A\000r\000c\000h\000i\000t\000e\000c\000t\000u\000r\000e\000\040\000t\000e\000c\000h\000n\000i\000q\000u\000e\000\040\000d\000e\000\040\000l\000a\000\040\000s\000o\000l\000u\000t\000i\000o\000n}{chapter.3}% 30
\BOOKMARK [1][]{section.3.5}{\376\377\000V\000\040\000C\000o\000n\000c\000e\000p\000t\000i\000o\000n\000\040\000d\000\351\000t\000a\000i\000l\000l\000\351\000e}{chapter.3}% 31
\BOOKMARK [2][]{subsection.3.5.1}{\376\377\000V\000.\0001\000\040\000P\000\351\000r\000i\000m\000\350\000t\000r\000e\000\040\000d\000u\000\040\000s\000c\000\351\000n\000a\000r\000i\000o}{section.3.5}% 32
\BOOKMARK [2][]{subsection.3.5.2}{\376\377\000V\000.\0002\000\040\000P\000\351\000r\000i\000m\000\350\000t\000r\000e\000\040\000d\000u\000\040\000s\000c\000\351\000n\000a\000r\000i\000o}{section.3.5}% 33
\BOOKMARK [2][]{subsection.3.5.3}{\376\377\000V\000.\0003\000\040\000W\000o\000r\000k\000f\000l\000o\000w\000\040\000d\000e\000\040\000c\000r\000\351\000a\000t\000i\000o\000n}{section.3.5}% 34
\BOOKMARK [2][]{subsection.3.5.4}{\376\377\000V\000.\0004\000\040\000S\000y\000n\000t\000h\000\350\000s\000e\000\040\000d\000e\000s\000\040\000A\000P\000I}{section.3.5}% 35
\BOOKMARK [2][]{subsection.3.5.5}{\376\377\000V\000.\0005\000\040\000V\000u\000e\000\040\000d\000e\000\040\000c\000o\000n\000c\000e\000p\000t\000i\000o\000n\000\040\000d\000u\000\040\000s\000c\000\351\000n\000a\000r\000i\000o}{section.3.5}% 36
\BOOKMARK [1][]{section.3.6}{\376\377\000V\000I\000\040\000A\000r\000c\000h\000i\000t\000e\000c\000t\000u\000r\000e\000\040\000d\000e\000\040\000d\000\351\000p\000l\000o\000i\000e\000m\000e\000n\000t}{chapter.3}% 37
\BOOKMARK [1][]{section*.24}{\376\377\000C\000o\000n\000c\000l\000u\000s\000i\000o\000n}{chapter.3}% 38
\BOOKMARK [0][]{chapter.4}{\376\377\0004\000\040\000P\000r\000\351\000s\000e\000n\000t\000a\000t\000i\000o\000n\000\040\000d\000e\000s\000\040\000r\000\351\000s\000u\000l\000t\000a\000t\000s\000\040\000e\000t\000\040\000a\000n\000a\000l\000y\000s\000e\000\040\000c\000r\000i\000t\000i\000q\000u\000e}{}% 39
\BOOKMARK [1][]{section*.25}{\376\377\000I\000n\000t\000r\000o\000d\000u\000c\000t\000i\000o\000n}{chapter.4}% 40
\BOOKMARK [1][]{section.4.1}{\376\377\000I\000\040\000R\000\351\000s\000u\000l\000t\000a\000t\000s\000\040\000f\000o\000n\000c\000t\000i\000o\000n\000n\000e\000l\000s\000\040\000o\000b\000t\000e\000n\000u\000s}{chapter.4}% 41
\BOOKMARK [2][]{subsection.4.1.1}{\376\377\000I\000.\0001\000\040\000C\000e\000n\000t\000r\000a\000l\000i\000s\000a\000t\000i\000o\000n\000\040\000d\000e\000\040\000l\000a\000\040\000c\000o\000n\000n\000a\000i\000s\000s\000a\000n\000c\000e\000\040\000c\000l\000i\000e\000n\000t}{section.4.1}% 42
\BOOKMARK [2][]{subsection.4.1.2}{\376\377\000I\000.\0002\000\040\000S\000u\000i\000v\000i\000\040\000c\000o\000m\000m\000e\000r\000c\000i\000a\000l\000\040\000e\000t\000\040\000g\000e\000s\000t\000i\000o\000n\000\040\000d\000e\000s\000\040\000p\000r\000o\000s\000p\000e\000c\000t\000s}{section.4.1}% 43
\BOOKMARK [2][]{subsection.4.1.3}{\376\377\000I\000.\0003\000\040\000C\000o\000n\000s\000u\000l\000t\000a\000t\000i\000o\000n\000\040\000d\000e\000s\000\040\000i\000n\000s\000t\000r\000u\000m\000e\000n\000t\000s\000\040\000e\000t\000\040\000a\000i\000d\000e\000\040\000\340\000\040\000l\000a\000\040\000d\000\351\000c\000i\000s\000i\000o\000n\000\040\000S\000G\000I}{section.4.1}% 44
\BOOKMARK [1][]{section.4.2}{\376\377\000I\000I\000\040\000A\000n\000a\000l\000y\000s\000e\000\040\000c\000r\000i\000t\000i\000q\000u\000e\000\040\000d\000e\000\040\000l\000a\000\040\000r\000\351\000a\000l\000i\000s\000a\000t\000i\000o\000n}{chapter.4}% 45
\BOOKMARK [2][]{subsection.4.2.1}{\376\377\000I\000I\000.\0001\000\040\000\311\000v\000a\000l\000u\000a\000t\000i\000o\000n\000\040\000d\000e\000\040\000l\000a\000\040\000d\000\351\000g\000r\000a\000d\000a\000t\000i\000o\000n\000\040\000g\000r\000a\000c\000i\000e\000u\000s\000e\000\040\000d\000u\000\040\000s\000c\000o\000r\000i\000n\000g}{section.4.2}% 46
\BOOKMARK [2][]{subsection.4.2.2}{\376\377\000I\000I\000.\0002\000\040\000P\000o\000i\000n\000t\000s\000\040\000f\000o\000r\000t\000s}{section.4.2}% 47
\BOOKMARK [2][]{subsection.4.2.3}{\376\377\000I\000I\000.\0003\000\040\000P\000o\000i\000n\000t\000s\000\040\000f\000a\000i\000b\000l\000e\000s\000\040\000e\000t\000\040\000l\000i\000m\000i\000t\000e\000s}{section.4.2}% 48
\BOOKMARK [2][]{subsection.4.2.4}{\376\377\000I\000I\000.\0004\000\040\000P\000e\000r\000s\000p\000e\000c\000t\000i\000v\000e\000s\000\040\000d\000'\000a\000m\000\351\000l\000i\000o\000r\000a\000t\000i\000o\000n}{section.4.2}% 49
\BOOKMARK [1][]{section*.29}{\376\377\000C\000o\000n\000c\000l\000u\000s\000i\000o\000n}{chapter.4}% 50
\BOOKMARK [0][]{section*.31}{\376\377\000C\000o\000n\000c\000l\000u\000s\000i\000o\000n\000\040\000g\000\351\000n\000\351\000r\000a\000l\000e}{}% 51
